Archive member included to satisfy reference by file (symbol)

c:/program files (x86)/gnu tools arm embedded/5.4 2016q2/bin/../lib/gcc/arm-none-eabi/5.4.1/armv7e-m\libgcc.a(_arm_addsubdf3.o)
                              ..\obj\delay.o (__aeabi_ui2d)
c:/program files (x86)/gnu tools arm embedded/5.4 2016q2/bin/../lib/gcc/arm-none-eabi/5.4.1/armv7e-m\libgcc.a(_arm_muldivdf3.o)
                              ..\obj\delay.o (__aeabi_dmul)
c:/program files (x86)/gnu tools arm embedded/5.4 2016q2/bin/../lib/gcc/arm-none-eabi/5.4.1/armv7e-m\libgcc.a(_arm_fixunsdfsi.o)
                              ..\obj\delay.o (__aeabi_d2uiz)
c:/program files (x86)/gnu tools arm embedded/5.4 2016q2/bin/../lib/gcc/arm-none-eabi/5.4.1/../../../../arm-none-eabi/lib/armv7e-m\libg.a(lib_a-itoa.o)
                              ..\obj\lora.o (itoa)
c:/program files (x86)/gnu tools arm embedded/5.4 2016q2/bin/../lib/gcc/arm-none-eabi/5.4.1/../../../../arm-none-eabi/lib/armv7e-m\libg.a(lib_a-memcpy.o)
                              ..\obj\startup_stm32f4xx.o (memcpy)
c:/program files (x86)/gnu tools arm embedded/5.4 2016q2/bin/../lib/gcc/arm-none-eabi/5.4.1/../../../../arm-none-eabi/lib/armv7e-m\libg.a(lib_a-memset.o)
                              ..\obj\os_cpu_c.o (memset)
c:/program files (x86)/gnu tools arm embedded/5.4 2016q2/bin/../lib/gcc/arm-none-eabi/5.4.1/../../../../arm-none-eabi/lib/armv7e-m\libg.a(lib_a-stpcpy.o)
                              ..\obj\lora.o (stpcpy)
c:/program files (x86)/gnu tools arm embedded/5.4 2016q2/bin/../lib/gcc/arm-none-eabi/5.4.1/../../../../arm-none-eabi/lib/armv7e-m\libg.a(lib_a-strcpy.o)
                              ..\obj\lora.o (strcpy)
c:/program files (x86)/gnu tools arm embedded/5.4 2016q2/bin/../lib/gcc/arm-none-eabi/5.4.1/../../../../arm-none-eabi/lib/armv7e-m\libg.a(lib_a-strlen.o)
                              ..\obj\lora.o (strlen)
c:/program files (x86)/gnu tools arm embedded/5.4 2016q2/bin/../lib/gcc/arm-none-eabi/5.4.1/../../../../arm-none-eabi/lib/armv7e-m\libg.a(lib_a-strstr.o)
                              ..\obj\lorawrite_mailbox.o (strstr)
c:/program files (x86)/gnu tools arm embedded/5.4 2016q2/bin/../lib/gcc/arm-none-eabi/5.4.1/../../../../arm-none-eabi/lib/armv7e-m\libg.a(lib_a-utoa.o)
                              c:/program files (x86)/gnu tools arm embedded/5.4 2016q2/bin/../lib/gcc/arm-none-eabi/5.4.1/../../../../arm-none-eabi/lib/armv7e-m\libg.a(lib_a-itoa.o) (__utoa)
c:/program files (x86)/gnu tools arm embedded/5.4 2016q2/bin/../lib/gcc/arm-none-eabi/5.4.1/../../../../arm-none-eabi/lib/armv7e-m\libg.a(lib_a-memchr.o)
                              c:/program files (x86)/gnu tools arm embedded/5.4 2016q2/bin/../lib/gcc/arm-none-eabi/5.4.1/../../../../arm-none-eabi/lib/armv7e-m\libg.a(lib_a-strstr.o) (memchr)
c:/program files (x86)/gnu tools arm embedded/5.4 2016q2/bin/../lib/gcc/arm-none-eabi/5.4.1/../../../../arm-none-eabi/lib/armv7e-m\libg.a(lib_a-memcmp.o)
                              c:/program files (x86)/gnu tools arm embedded/5.4 2016q2/bin/../lib/gcc/arm-none-eabi/5.4.1/../../../../arm-none-eabi/lib/armv7e-m\libg.a(lib_a-strstr.o) (memcmp)
c:/program files (x86)/gnu tools arm embedded/5.4 2016q2/bin/../lib/gcc/arm-none-eabi/5.4.1/../../../../arm-none-eabi/lib/armv7e-m\libg.a(lib_a-strchr.o)
                              c:/program files (x86)/gnu tools arm embedded/5.4 2016q2/bin/../lib/gcc/arm-none-eabi/5.4.1/../../../../arm-none-eabi/lib/armv7e-m\libg.a(lib_a-strstr.o) (strchr)

Allocating common symbols
Common symbol       size              file

LoraRead_PendTask_Stk
                    0x190             ..\obj\taskcreate.o
G_CLK               0x4               ..\obj\delay.o
DATA                0x4               ..\obj\main.o
OSLockNesting       0x1               ..\obj\ucos_ii.o
OSTaskRegNextAvailID
                    0x1               ..\obj\ucos_ii.o
OSRunning           0x1               ..\obj\ucos_ii.o
OSIdleCtr           0x4               ..\obj\ucos_ii.o
D_S                 0x4               ..\obj\delay.o
OSPrioHighRdy       0x1               ..\obj\ucos_ii.o
OSFlagTbl           0x50              ..\obj\ucos_ii.o
D_uS                0x4               ..\obj\delay.o
OSPrioCur           0x1               ..\obj\ucos_ii.o
OSTCBList           0x4               ..\obj\ucos_ii.o
OSMemTbl            0x78              ..\obj\ucos_ii.o
OSTickStepState     0x1               ..\obj\ucos_ii.o
string              0x64              ..\obj\uart.o
OSCtxSwCtr          0x4               ..\obj\ucos_ii.o
LoraWrite_PendTask_Stk
                    0x190             ..\obj\taskcreate.o
os_queue            0x28              ..\obj\main.o
OSTCBFreeList       0x4               ..\obj\ucos_ii.o
OS_CPU_ExceptStkBase
                    0x4               ..\obj\os_cpu_c.o
OSTaskCtr           0x1               ..\obj\ucos_ii.o
data_queue          0xf0              ..\obj\main.o
[...]
Memory Configuration

Name             Origin             Length             Attributes
rom              0x08000000         0x00100000         xr
ram              0x20000000         0x00020000         xrw
ram1             0x10000000         0x00010000         xrw
*default*        0x00000000         0xffffffff

Linker script and memory map

                0x20020000                _eram = 0x20020000

.text           0x08000000     0x5088
 *(.isr_vector)
 .isr_vector    0x08000000      0x188 ..\obj\startup_stm32f4xx.o
                0x08000000                g_pfnVectors
 *(.text*)
 .text.DELAY_init
                0x08000188       0xa4 ..\obj\delay.o
                0x08000188                DELAY_init
 .text.DELAY_us
                0x0800022c       0x38 ..\obj\delay.o
                0x0800022c                DELAY_us
 .text.DELAY_ms
                0x08000264       0x38 ..\obj\delay.o
                0x08000264                DELAY_ms
 .text.OSTimeDly
                0x0800029c       0x60 ..\obj\os_time.o
                0x0800029c                OSTimeDly
 .text          0x080002fc       0x54 ..\obj\os_cpu_a.o
                0x080002fc                OS_CPU_SR_Save
                0x08000300                OS_CPU_SR_Restore
                0x08000304                OSStartHighRdy
                0x0800032c                OSCtxSw
                0x08000336                OSIntCtxSw
 .text.KEYS_init
                0x08000350       0x58 ..\obj\keys.o
                0x08000350                KEYS_init
 .text.BUZZER_init
                0x080003a8       0x38 ..\obj\buzzer.o
                0x080003a8                BUZZER_init
 .text.BUZZER_set
                0x080003e0       0x38 ..\obj\buzzer.o
                0x080003e0                BUZZER_set
 .text.OSInitHookBegin
                0x08000418       0x28 ..\obj\os_cpu_c.o
                0x08000418                OSInitHookBegin
 .text.OSInitHookEnd
                0x08000440        0x4 ..\obj\os_cpu_c.o
                0x08000440                OSInitHookEnd
 .text.OSTaskCreateHook
                0x08000444        0x4 ..\obj\os_cpu_c.o
                0x08000444                OSTaskCreateHook
 .text.OSTaskDelHook
                0x08000448        0x4 ..\obj\os_cpu_c.o
                0x08000448                OSTaskDelHook
 .text.OSTaskIdleHook
                0x0800044c        0x4 ..\obj\os_cpu_c.o
                0x0800044c                OSTaskIdleHook
 .text.OSTaskReturnHook
                0x08000450        0x4 ..\obj\os_cpu_c.o
                0x08000450                OSTaskReturnHook
 .text.OSTaskStkInit
                0x08000454       0x8c ..\obj\os_cpu_c.o
                0x08000454                OSTaskStkInit
 .text.OSTCBInitHook
                0x080004e0        0x4 ..\obj\os_cpu_c.o
                0x080004e0                OSTCBInitHook
 .text.OSTimeTickHook
                0x080004e4        0x4 ..\obj\os_cpu_c.o
                0x080004e4                OSTimeTickHook
 .text.PendSV_Handler
                0x080004e8       0x50 ..\obj\os_cpu_c.o
                0x080004e8                PendSV_Handler
 .text.SysTick_Handler
                0x08000538       0x30 ..\obj\os_cpu_c.o
                0x08000538                SysTick_Handler
 .text.OS_CPU_SysTickInit
                0x08000568       0x30 ..\obj\os_cpu_c.o
                0x08000568                OS_CPU_SysTickInit
 .text.USART_Init
                0x08000598       0xc4 ..\obj\stm32f4xx_usart.o
                0x08000598                USART_Init
 .text.USART_Cmd
                0x0800065c       0x1c ..\obj\stm32f4xx_usart.o
                0x0800065c                USART_Cmd
 .text.USART_SendData
                0x08000678        0x8 ..\obj\stm32f4xx_usart.o
                0x08000678                USART_SendData
 .text.USART_ITConfig
                0x08000680       0x38 ..\obj\stm32f4xx_usart.o
                0x08000680                USART_ITConfig
 .text.USART_GetFlagStatus
                0x080006b8        0xc ..\obj\stm32f4xx_usart.o
                0x080006b8                USART_GetFlagStatus
 .text.USART_GetITStatus
                0x080006c4       0x48 ..\obj\stm32f4xx_usart.o
                0x080006c4                USART_GetITStatus
 .text.USART_ClearITPendingBit
                0x0800070c       0x10 ..\obj\stm32f4xx_usart.o
                0x0800070c                USART_ClearITPendingBit
 .text.OSFlagCreate
                0x0800071c       0x50 ..\obj\os_flag.o
                0x0800071c                OSFlagCreate
 .text.OSFlagPend
                0x0800076c      0x27c ..\obj\os_flag.o
                0x0800076c                OSFlagPend
 .text.OSFlagPost
                0x080009e8      0x16c ..\obj\os_flag.o
                0x080009e8                OSFlagPost
 .text.OS_FlagInit
                0x08000b54       0x58 ..\obj\os_flag.o
                0x08000b54                OS_FlagInit
 .text.OS_FlagUnlink
                0x08000bac       0x20 ..\obj\os_flag.o
                0x08000bac                OS_FlagUnlink
 .text.UART_init
                0x08000bcc       0x9c ..\obj\uart.o
                0x08000bcc                UART_init
 .text.UART_puts
                0x08000c68       0x40 ..\obj\uart.o
                0x08000c68                UART_puts
 .text.USART2_IRQHandler
                0x08000ca8       0x88 ..\obj\uart.o
                0x08000ca8                USART2_IRQHandler
 .text.UART_putint
                0x08000d30      0x19c ..\obj\uart.o
                0x08000d30                UART_putint
 .text.UART_gets
                0x08000ecc       0x68 ..\obj\uart.o
                0x08000ecc                UART_gets
 .text.Default_Reset_Handler
                0x08000f34       0x58 ..\obj\startup_stm32f4xx.o
                0x08000f34                Default_Reset_Handler
                0x08000f34                Reset_Handler
 .text.Default_Handler
                0x08000f8c       0x14 ..\obj\startup_stm32f4xx.o
                0x08000f8c                RTC_Alarm_IRQHandler
                0x08000f8c                HASH_RNG_IRQHandler
                0x08000f8c                EXTI2_IRQHandler
                0x08000f8c                TIM8_CC_IRQHandler
                0x08000f8c                DebugMon_Handler
                0x08000f8c                TIM1_CC_IRQHandler
                0x08000f8c                DMA2_Stream5_IRQHandler
                0x08000f8c                HardFault_Handler
                0x08000f8c                DMA1_Stream5_IRQHandler
                0x08000f8c                PVD_IRQHandler
                0x08000f8c                SDIO_IRQHandler
                0x08000f8c                TAMP_STAMP_IRQHandler
                0x08000f8c                NMI_Handler
                0x08000f8c                CAN2_RX1_IRQHandler
                0x08000f8c                EXTI3_IRQHandler
                0x08000f8c                TIM8_TRG_COM_TIM14_IRQHandler
                0x08000f8c                TIM1_UP_TIM10_IRQHandler
                0x08000f8c                TIM8_UP_TIM13_IRQHandler
                0x08000f8c                I2C3_ER_IRQHandler
                0x08000f8c                EXTI0_IRQHandler
                0x08000f8c                I2C2_EV_IRQHandler
                0x08000f8c                DMA1_Stream2_IRQHandler
                0x08000f8c                CAN1_RX0_IRQHandler
                0x08000f8c                FPU_IRQHandler
                0x08000f8c                OTG_HS_WKUP_IRQHandler
                0x08000f8c                UsageFault_Handler
                0x08000f8c                CAN2_SCE_IRQHandler
                0x08000f8c                DMA2_Stream2_IRQHandler
                0x08000f8c                SPI1_IRQHandler
                0x08000f8c                TIM6_DAC_IRQHandler
                0x08000f8c                TIM1_BRK_TIM9_IRQHandler
                0x08000f8c                DCMI_IRQHandler
                0x08000f8c                CAN2_RX0_IRQHandler
                0x08000f8c                DMA2_Stream3_IRQHandler
                0x08000f8c                USART6_IRQHandler
                0x08000f8c                USART3_IRQHandler
                0x08000f8c                CRYP_IRQHandler
                0x08000f8c                CAN1_RX1_IRQHandler
                0x08000f8c                UART5_IRQHandler
                0x08000f8c                DMA2_Stream0_IRQHandler
                0x08000f8c                TIM4_IRQHandler
                0x08000f8c                I2C1_EV_IRQHandler
                0x08000f8c                DMA1_Stream6_IRQHandler
                0x08000f8c                DMA1_Stream1_IRQHandler
                0x08000f8c                UART4_IRQHandler
                0x08000f8c                TIM3_IRQHandler
                0x08000f8c                RCC_IRQHandler
                0x08000f8c                TIM8_BRK_TIM12_IRQHandler
                0x08000f8c                EXTI15_10_IRQHandler
                0x08000f8c                ADC_IRQHandler
                0x08000f8c                DMA1_Stream7_IRQHandler
                0x08000f8c                TIM7_IRQHandler
                0x08000f8c                CAN2_TX_IRQHandler
                0x08000f8c                TIM5_IRQHandler
                0x08000f8c                DMA2_Stream7_IRQHandler
                0x08000f8c                I2C3_EV_IRQHandler
                0x08000f8c                EXTI9_5_IRQHandler
                0x08000f8c                RTC_WKUP_IRQHandler
                0x08000f8c                ETH_WKUP_IRQHandler
                0x08000f8c                SPI2_IRQHandler
                0x08000f8c                OTG_HS_EP1_IN_IRQHandler
                0x08000f8c                MemManage_Handler
                0x08000f8c                DMA1_Stream0_IRQHandler
                0x08000f8c                CAN1_TX_IRQHandler
                0x08000f8c                SVC_Handler
                0x08000f8c                EXTI4_IRQHandler
                0x08000f8c                FSMC_IRQHandler
                0x08000f8c                ETH_IRQHandler
                0x08000f8c                OTG_HS_EP1_OUT_IRQHandler
                0x08000f8c                WWDG_IRQHandler
                0x08000f8c                TIM2_IRQHandler
                0x08000f8c                OTG_FS_WKUP_IRQHandler
                0x08000f8c                TIM1_TRG_COM_TIM11_IRQHandler
                0x08000f8c                OTG_HS_IRQHandler
                0x08000f8c                EXTI1_IRQHandler
                0x08000f8c                I2C2_ER_IRQHandler
                0x08000f8c                DMA2_Stream1_IRQHandler
                0x08000f8c                CAN1_SCE_IRQHandler
                0x08000f8c                FLASH_IRQHandler
                0x08000f8c                DMA2_Stream4_IRQHandler
                0x08000f8c                BusFault_Handler
                0x08000f8c                USART1_IRQHandler
                0x08000f8c                OTG_FS_IRQHandler
                0x08000f8c                SPI3_IRQHandler
                0x08000f8c                DMA1_Stream4_IRQHandler
                0x08000f8c                I2C1_ER_IRQHandler
                0x08000f8c                DMA2_Stream6_IRQHandler
                0x08000f8c                DMA1_Stream3_IRQHandler
 .text.CreateTasks
                0x08000fa0       0x40 ..\obj\taskcreate.o
                0x08000fa0                CreateTasks
 .text.CreateHandles
                0x08000fe0       0xd0 ..\obj\main.o
                0x08000fe0                CreateHandles
 .text.InitTask
                0x080010b0       0x40 ..\obj\main.o
                0x080010b0                InitTask
 .text.startup.main
                0x080010f0       0xa8 ..\obj\main.o
                0x080010f0                main
 .text.RCC_GetClocksFreq
                0x08001198       0x98 ..\obj\stm32f4xx_rcc.o
                0x08001198                RCC_GetClocksFreq
 .text.RCC_AHB1PeriphClockCmd
                0x08001230       0x1c ..\obj\stm32f4xx_rcc.o
                0x08001230                RCC_AHB1PeriphClockCmd
 .text.RCC_APB1PeriphClockCmd
                0x0800124c       0x1c ..\obj\stm32f4xx_rcc.o
                0x0800124c                RCC_APB1PeriphClockCmd
 .text.LoraWrite_PostTask
                0x08001268       0x54 ..\obj\lorawrite_mailbox.o
                0x08001268                LoraWrite_PostTask
 .text.LoraWrite_PendTask
                0x080012bc       0x80 ..\obj\lorawrite_mailbox.o
                0x080012bc                LoraWrite_PendTask
 .text.OS_TaskIdle
                0x0800133c       0x1c ..\obj\os_core.o
                0x0800133c                OS_TaskIdle
 .text.OSInit   0x08001358      0x170 ..\obj\os_core.o
                0x08001358                OSInit
 .text.OSIntExit
                0x080014c8       0xa0 ..\obj\os_core.o
                0x080014c8                OSIntExit
 .text.OSStart  0x08001568       0x60 ..\obj\os_core.o
                0x08001568                OSStart
 .text.OSTimeTick
                0x080015c8       0xb0 ..\obj\os_core.o
                0x080015c8                OSTimeTick
 .text.OS_Dummy
                0x08001678        0x4 ..\obj\os_core.o
                0x08001678                OS_Dummy
 .text.OS_EventTaskRdy
                0x0800167c       0xcc ..\obj\os_core.o
                0x0800167c                OS_EventTaskRdy
 .text.OS_EventTaskWait
                0x08001748       0x54 ..\obj\os_core.o
                0x08001748                OS_EventTaskWait
 .text.OS_EventTaskRemove
                0x0800179c       0x28 ..\obj\os_core.o
                0x0800179c                OS_EventTaskRemove
 .text.OS_EventTaskRemoveMulti
                0x080017c4       0x34 ..\obj\os_core.o
                0x080017c4                OS_EventTaskRemoveMulti
 .text.OS_EventWaitListInit
                0x080017f8       0x10 ..\obj\os_core.o
                0x080017f8                OS_EventWaitListInit
 .text.OS_MemClr
                0x08001808       0x10 ..\obj\os_core.o
                0x08001808                OS_MemClr
 .text.OS_Sched
                0x08001818       0x88 ..\obj\os_core.o
                0x08001818                OS_Sched
 .text.OS_TCBInit
                0x080018a0      0x10c ..\obj\os_core.o
                0x080018a0                OS_TCBInit
 .text.LED_init
                0x080019ac       0xac ..\obj\leds.o
                0x080019ac                LED_init
 .text.LORA_init
                0x08001a58       0x98 ..\obj\lora.o
                0x08001a58                LORA_init
 .text.LORA_puts
                0x08001af0       0x40 ..\obj\lora.o
                0x08001af0                LORA_puts
 .text.LORA_gets
                0x08001b30       0x44 ..\obj\lora.o
                0x08001b30                LORA_gets
 .text.LORA_combine
                0x08001b74      0x27c ..\obj\lora.o
                0x08001b74                LORA_combine
 .text.LORA_register
                0x08001df0      0x734 ..\obj\lora.o
                0x08001df0                LORA_register
 .text.LORA_connect
                0x08002524      0x13c ..\obj\lora.o
                0x08002524                LORA_connect
 .text.OS_MemInit
                0x08002660       0x48 ..\obj\os_mem.o
                0x08002660                OS_MemInit
 .text.GPIO_Init
                0x080026a8       0xa4 ..\obj\stm32f4xx_gpio.o
                0x080026a8                GPIO_Init
 .text.GPIO_SetBits
                0x0800274c        0x4 ..\obj\stm32f4xx_gpio.o
                0x0800274c                GPIO_SetBits
 .text.GPIO_ResetBits
                0x08002750        0x4 ..\obj\stm32f4xx_gpio.o
                0x08002750                GPIO_ResetBits
 .text.GPIO_PinAFConfig
                0x08002754       0x28 ..\obj\stm32f4xx_gpio.o
                0x08002754                GPIO_PinAFConfig
 .text.SystemInit
                0x0800277c       0xf4 ..\obj\system_stm32f4xx.o
                0x0800277c                SystemInit
 .text.OSQCreate
                0x08002870       0x98 ..\obj\os_q.o
                0x08002870                OSQCreate
 .text.OS_QInit
                0x08002908       0x30 ..\obj\os_q.o
                0x08002908                OS_QInit
 .text.OSTaskDel.part.0
                0x08002938      0x144 ..\obj\os_task.o
 .text.OSTaskCreate
                0x08002a7c       0x94 ..\obj\os_task.o
                0x08002a7c                OSTaskCreate
 .text.OSTaskCreateExt
                0x08002b10       0xbc ..\obj\os_task.o
                0x08002b10                OSTaskCreateExt
 .text.OSTaskDel
                0x08002bcc       0x1c ..\obj\os_task.o
                0x08002bcc                OSTaskDel
 .text.OSTaskNameSet
                0x08002be8       0x54 ..\obj\os_task.o
                0x08002be8                OSTaskNameSet
 .text.OS_TaskReturn
                0x08002c3c       0x24 ..\obj\os_task.o
                0x08002c3c                OS_TaskReturn
 .text.OSMutexCreate
                0x08002c60       0x94 ..\obj\os_mutex.o
                0x08002c60                OSMutexCreate
 .text.LCD_init
                0x08002cf4      0x664 ..\obj\lcd.o
                0x08002cf4                LCD_init
 .text.LCD_put  0x08003358      0x270 ..\obj\lcd.o
                0x08003358                LCD_put
 .text.LCD_puts
                0x080035c8      0x118 ..\obj\lcd.o
                0x080035c8                LCD_puts
 .text.OSMboxCreate
                0x080036e0       0x4c ..\obj\os_mbox.o
                0x080036e0                OSMboxCreate
 .text.OSMboxPend
                0x0800372c       0xd0 ..\obj\os_mbox.o
                0x0800372c                OSMboxPend
 .text.OSMboxPost
                0x080037fc       0x4c ..\obj\os_mbox.o
                0x080037fc                OSMboxPost
 .text.LoraRead_PostTask
                0x08003848       0x54 ..\obj\lora_mailbox.o
                0x08003848                LoraRead_PostTask
 .text.LoraRead_PendTask
                0x0800389c       0x50 ..\obj\lora_mailbox.o
                0x0800389c                LoraRead_PendTask
 .text          0x080038ec      0x370 c:/program files (x86)/gnu tools arm embedded/5.4 2016q2/bin/../lib/gcc/arm-none-eabi/5.4.1/armv7e-m\libgcc.a(_arm_addsubdf3.o)
                0x080038ec                __aeabi_drsub
                0x080038f4                __aeabi_dsub
                0x080038f4                __subdf3
                0x080038f8                __aeabi_dadd
                0x080038f8                __adddf3
                0x08003b70                __floatunsidf
                0x08003b70                __aeabi_ui2d
                0x08003b90                __floatsidf
                0x08003b90                __aeabi_i2d
                0x08003bb4                __aeabi_f2d
                0x08003bb4                __extendsfdf2
                0x08003bf0                __floatundidf
                0x08003bf0                __aeabi_ul2d
                0x08003c00                __floatdidf
                0x08003c00                __aeabi_l2d
 .text          0x08003c5c      0x424 c:/program files (x86)/gnu tools arm embedded/5.4 2016q2/bin/../lib/gcc/arm-none-eabi/5.4.1/armv7e-m\libgcc.a(_arm_muldivdf3.o)
                0x08003c5c                __aeabi_dmul
                0x08003c5c                __muldf3
                0x08003eb0                __divdf3
                0x08003eb0                __aeabi_ddiv
 .text          0x08004080       0x40 c:/program files (x86)/gnu tools arm embedded/5.4 2016q2/bin/../lib/gcc/arm-none-eabi/5.4.1/armv7e-m\libgcc.a(_arm_fixunsdfsi.o)
                0x08004080                __aeabi_d2uiz
                0x08004080                __fixunsdfsi
 .text.__itoa   0x080040c0       0x30 c:/program files (x86)/gnu tools arm embedded/5.4 2016q2/bin/../lib/gcc/arm-none-eabi/5.4.1/../../../../arm-none-eabi/lib/armv7e-m\libg.a(lib_a-itoa.o)
                0x080040c0                __itoa
 .text.itoa     0x080040f0        0x4 c:/program files (x86)/gnu tools arm embedded/5.4 2016q2/bin/../lib/gcc/arm-none-eabi/5.4.1/../../../../arm-none-eabi/lib/armv7e-m\libg.a(lib_a-itoa.o)
                0x080040f0                itoa
 .text          0x080040f4      0x134 c:/program files (x86)/gnu tools arm embedded/5.4 2016q2/bin/../lib/gcc/arm-none-eabi/5.4.1/../../../../arm-none-eabi/lib/armv7e-m\libg.a(lib_a-memcpy.o)
                0x080040f4                memcpy
 .text.memset   0x08004228       0x9c c:/program files (x86)/gnu tools arm embedded/5.4 2016q2/bin/../lib/gcc/arm-none-eabi/5.4.1/../../../../arm-none-eabi/lib/armv7e-m\libg.a(lib_a-memset.o)
                0x08004228                memset
 .text.stpcpy   0x080042c4       0x48 c:/program files (x86)/gnu tools arm embedded/5.4 2016q2/bin/../lib/gcc/arm-none-eabi/5.4.1/../../../../arm-none-eabi/lib/armv7e-m\libg.a(lib_a-stpcpy.o)
                0x080042c4                stpcpy
 .text.strcpy   0x0800430c       0xbc c:/program files (x86)/gnu tools arm embedded/5.4 2016q2/bin/../lib/gcc/arm-none-eabi/5.4.1/../../../../arm-none-eabi/lib/armv7e-m\libg.a(lib_a-strcpy.o)
                0x0800430c                strcpy
 *fill*         0x080043c8       0x38 
 .text          0x08004400       0xdc c:/program files (x86)/gnu tools arm embedded/5.4 2016q2/bin/../lib/gcc/arm-none-eabi/5.4.1/../../../../arm-none-eabi/lib/armv7e-m\libg.a(lib_a-strlen.o)
                0x08004400                strlen
 .text.critical_factorization
                0x080044dc       0xb8 c:/program files (x86)/gnu tools arm embedded/5.4 2016q2/bin/../lib/gcc/arm-none-eabi/5.4.1/../../../../arm-none-eabi/lib/armv7e-m\libg.a(lib_a-strstr.o)
 .text.two_way_long_needle
                0x08004594      0x200 c:/program files (x86)/gnu tools arm embedded/5.4 2016q2/bin/../lib/gcc/arm-none-eabi/5.4.1/../../../../arm-none-eabi/lib/armv7e-m\libg.a(lib_a-strstr.o)
 .text.strstr   0x08004794      0x220 c:/program files (x86)/gnu tools arm embedded/5.4 2016q2/bin/../lib/gcc/arm-none-eabi/5.4.1/../../../../arm-none-eabi/lib/armv7e-m\libg.a(lib_a-strstr.o)
                0x08004794                strstr
 .text.__utoa   0x080049b4       0x80 c:/program files (x86)/gnu tools arm embedded/5.4 2016q2/bin/../lib/gcc/arm-none-eabi/5.4.1/../../../../arm-none-eabi/lib/armv7e-m\libg.a(lib_a-utoa.o)
                0x080049b4                __utoa
 *fill*         0x08004a34        0xc 
 .text          0x08004a40       0xa0 c:/program files (x86)/gnu tools arm embedded/5.4 2016q2/bin/../lib/gcc/arm-none-eabi/5.4.1/../../../../arm-none-eabi/lib/armv7e-m\libg.a(lib_a-memchr.o)
                0x08004a40                memchr
 .text.memcmp   0x08004ae0       0x64 c:/program files (x86)/gnu tools arm embedded/5.4 2016q2/bin/../lib/gcc/arm-none-eabi/5.4.1/../../../../arm-none-eabi/lib/armv7e-m\libg.a(lib_a-memcmp.o)
                0x08004ae0                memcmp
 .text.strchr   0x08004b44       0xd0 c:/program files (x86)/gnu tools arm embedded/5.4 2016q2/bin/../lib/gcc/arm-none-eabi/5.4.1/../../../../arm-none-eabi/lib/armv7e-m\libg.a(lib_a-strchr.o)
                0x08004b44                strchr
 *(.init)
 *(.fini)
 *crtbegin.o(.ctors)
 *crtbegin?.o(.ctors)
 *(EXCLUDE_FILE(*crtend.o *crtend?.o) .ctors)
 *(SORT(.ctors.*))
 *(.ctors)
 *crtbegin.o(.dtors)
 *crtbegin?.o(.dtors)
 *(EXCLUDE_FILE(*crtend.o *crtend?.o) .dtors)
 *(SORT(.dtors.*))
 *(.dtors)
 *(.rodata*)
 .rodata.str1.4
                0x08004c14        0x2 ..\obj\os_flag.o
 *fill*         0x08004c16        0x2 
 .rodata        0x08004c18       0x10 ..\obj\uart.o
 .rodata.str1.4
                0x08004c28       0x7b ..\obj\main.o
 *fill*         0x08004ca3        0x1 
 .rodata.str1.4
                0x08004ca4       0x48 ..\obj\lorawrite_mailbox.o
                                 0x4c (size before relaxing)
 .rodata        0x08004cec      0x100 ..\obj\os_core.o
                0x08004cec                OSUnMapTbl
 .rodata.str1.4
                0x08004dec        0xe ..\obj\os_core.o
                                 0x12 (size before relaxing)
 *fill*         0x08004dfa        0x2 
 .rodata.str1.4
                0x08004dfc      0x239 ..\obj\lora.o
                                0x265 (size before relaxing)
 .rodata.str1.4
                0x08005035        0x2 ..\obj\os_mem.o
 .rodata.str1.4
                0x08005035        0x2 ..\obj\os_q.o
 .rodata.str1.4
                0x08005035        0x2 ..\obj\os_task.o
 .rodata.str1.4
                0x08005035        0x2 ..\obj\os_mutex.o
 .rodata.str1.4
                0x08005035        0x2 ..\obj\os_mbox.o
 *fill*         0x08005035        0x3 
 .rodata.str1.4
                0x08005038       0x25 ..\obj\lora_mailbox.o
                                 0x29 (size before relaxing)
 *fill*         0x0800505d        0x3 
 .rodata.str1.4
                0x08005060       0x28 c:/program files (x86)/gnu tools arm embedded/5.4 2016q2/bin/../lib/gcc/arm-none-eabi/5.4.1/../../../../arm-none-eabi/lib/armv7e-m\libg.a(lib_a-utoa.o)
                                 0x25 (size before relaxing)
 *(.eh_fram e*)

.glue_7         0x08005088        0x0
 .glue_7        0x08005088        0x0 linker stubs

.glue_7t        0x08005088        0x0
 .glue_7t       0x08005088        0x0 linker stubs

.vfp11_veneer   0x08005088        0x0
 .vfp11_veneer  0x08005088        0x0 linker stubs

.v4_bx          0x08005088        0x0
 .v4_bx         0x08005088        0x0 linker stubs

.iplt           0x08005088        0x0
 .iplt          0x08005088        0x0 ..\obj\delay.o

.rel.dyn        0x08005088        0x0
 .rel.iplt      0x08005088        0x0 ..\obj\delay.o

.ARM.extab
 *(.ARM.extab* .gnu.linkonce.armextab.*)
                0x08005088                __exidx_start = .

.ARM.exidx
 *(.ARM.exidx* .gnu.linkonce.armexidx.*)
                0x08005088                __exidx_end = .
                0x08005088                __etext = .
                0x08005088                _sidata = __etext

.data           0x20000000       0x7c load address 0x08005088
                0x20000000                __data_start__ = .
                0x20000000                _sdata = __data_start__
 *(vtable)
 *(.data*)
 .data          0x20000000       0x64 ..\obj\taskcreate.o
                0x20000000                tasks
 .data          0x20000064        0x8 ..\obj\main.o
                0x20000064                version
                0x20000068                Uart_debug_out
 .data          0x2000006c       0x10 ..\obj\stm32f4xx_rcc.o
                0x2000007c                . = ALIGN (0x4)
                [!provide]                PROVIDE (__preinit_array_start, .)
 *(.preinit_array)
                [!provide]                PROVIDE (__preinit_array_end, .)
                0x2000007c                . = ALIGN (0x4)
                [!provide]                PROVIDE (__init_array_start, .)
 *(SORT(.init_array.*))
 *(.init_array)
                [!provide]                PROVIDE (__init_array_end, .)
                0x2000007c                . = ALIGN (0x4)
                [!provide]                PROVIDE (__fini_array_start, .)
 *(SORT(.fini_array.*))
 *(.fini_array)
                [!provide]                PROVIDE (__fini_array_end, .)
 *(.jcr*)
                0x2000007c                . = ALIGN (0x4)
                0x2000007c                __data_end__ = .
                0x2000007c                _edata = __data_end__

.igot.plt       0x2000007c        0x0 load address 0x08005104
 .igot.plt      0x2000007c        0x0 ..\obj\delay.o

.bss            0x2000007c     0x204c load address 0x08005104
                0x2000007c                . = ALIGN (0x4)
                0x2000007c                __bss_start__ = .
                0x2000007c                _sbss = __bss_start__
 *(.bss*)
 .bss           0x2000007c        0x4 ..\obj\uart.o
                0x2000007c                charcounter
 .bss           0x20000080        0x1 ..\obj\lcd.o
                0x20000080                curpos
 *(COMMON)
 *fill*         0x20000081        0x3 
 COMMON         0x20000084       0x10 ..\obj\delay.o
                0x20000084                G_CLK
                0x20000088                D_S
                0x2000008c                D_uS
                0x20000090                D_mS
 COMMON         0x20000094      0x208 ..\obj\os_cpu_c.o
                0x20000094                OS_CPU_ExceptStkBase
                0x20000098                OS_CPU_ExceptStk
                0x20000298                SP_HighReady
 COMMON         0x2000029c       0x64 ..\obj\uart.o
                0x2000029c                string
 COMMON         0x20000300      0x7d0 ..\obj\taskcreate.o
                0x20000300                LoraRead_PendTask_Stk
                0x20000490                LoraWrite_PendTask_Stk
                0x20000620                LoraWrite_PostTask_Stk
                0x200007b0                Sensor_Task_Stk
                0x20000940                LoraRead_PostTask_Stk
 COMMON         0x20000ad0      0x2c8 ..\obj\main.o
                0x20000ad0                DATA
                0x20000ad4                os_queue
                0x20000afc                data_queue
                0x20000bec                LORA_ReadHandle
                0x20000bf0                QueueHandle
                0x20000bf4                InitTaskStk
                0x20000d84                SensorHandle
                0x20000d88                FlagWriteHandle
                0x20000d8c                LORA_version
                0x20000d90                FlagReadHandle
                0x20000d94                LORA_WriteHandle
 COMMON         0x20000d98     0x1330 ..\obj\ucos_ii.o
                0x20000d98                OSLockNesting
                0x20000d99                OSTaskRegNextAvailID
                0x20000d9a                OSRunning
                0x20000d9c                OSIdleCtr
                0x20000da0                OSPrioHighRdy
                0x20000da4                OSFlagTbl
                0x20000df4                OSPrioCur
                0x20000df8                OSTCBList
                0x20000dfc                OSMemTbl
                0x20000e74                OSTickStepState
                0x20000e78                OSCtxSwCtr
                0x20000e7c                OSTCBFreeList
                0x20000e80                OSTaskCtr
                0x20000e84                OSMemFreeList
                0x20000e88                OSQTbl
                0x20000ee8                OSTCBHighRdy
                0x20000eec                OSQFreeList
                0x20000ef0                OSRdyGrp
                0x20000ef4                OSRdyTbl
                0x20000efc                OSEventFreeList
                0x20000f00                OSIntNesting
                0x20000f04                OSTCBCur
                0x20000f08                OSTime
                0x20000f0c                OSTaskIdleStk
                0x2000110c                OSEventTbl
                0x2000188c                OSTCBTbl
                0x20001fc4                OSFlagFreeList
                0x20001fc8                OSTCBPrioTbl
                0x200020c8                . = ALIGN (0x4)
                0x200020c8                __bss_end__ = .
                0x200020c8                _ebss = __bss_end__

.heap           0x200020c8        0x0
                0x200020c8                __end__ = .
                0x200020c8                _end = __end__
                0x200020c8                end = __end__
 *(.heap*)
                0x200020c8                __HeapLimit = .

.co_stack       0x200020c8      0x800 load address 0x08007150
                0x200020c8                . = ALIGN (0x8)
 *(.co_stack .co_stack.*)
 .co_stack      0x200020c8      0x800 ..\obj\startup_stm32f4xx.o
                0x200020c8                pulStack
                0x20020000                __StackTop = (ORIGIN (ram) + LENGTH (ram))
                0x2001f800                __StackLimit = (__StackTop - SIZEOF (.co_stack))
                [!provide]                PROVIDE (__stack, __StackTop)
                0x00000001                ASSERT ((__StackLimit >= __HeapLimit), region ram  overflowed with stack)
LOAD ..\obj\delay.o
LOAD ..\obj\os_time.o
LOAD ..\obj\os_cpu_a.o
LOAD ..\obj\keys.o
LOAD ..\obj\buzzer.o
LOAD ..\obj\os_cpu_c.o
LOAD ..\obj\stm32f4xx_usart.o
LOAD ..\obj\stm32f4xx_pwr.o
LOAD ..\obj\os_flag.o
LOAD ..\obj\uart.o
LOAD ..\obj\startup_stm32f4xx.o
LOAD ..\obj\taskcreate.o
LOAD ..\obj\main.o
LOAD ..\obj\stm32f4xx_rcc.o
LOAD ..\obj\lorawrite_mailbox.o
LOAD ..\obj\printf.o
LOAD ..\obj\sensor_mutex.o
LOAD ..\obj\os_sem.o
LOAD ..\obj\rtcinterupt.o
LOAD ..\obj\os_core.o
LOAD ..\obj\leds.o
LOAD ..\obj\lora.o
LOAD ..\obj\os_mem.o
LOAD ..\obj\stm32f4xx_gpio.o
LOAD ..\obj\system_stm32f4xx.o
LOAD ..\obj\syscalls.o
LOAD ..\obj\os_q.o
LOAD ..\obj\os_task.o
LOAD ..\obj\os_mutex.o
LOAD ..\obj\lcd.o
LOAD ..\obj\stm32f4xx_i2c.o
LOAD ..\obj\misc.o
LOAD ..\obj\ucos_ii.o
LOAD ..\obj\stm32f4xx_rtc.o
LOAD ..\obj\os_mbox.o
LOAD ..\obj\lora_mailbox.o
LOAD ..\obj\stm32f4xx_tim.o
START GROUP
LOAD c:/program files (x86)/gnu tools arm embedded/5.4 2016q2/bin/../lib/gcc/arm-none-eabi/5.4.1/armv7e-m\libgcc.a
LOAD c:/program files (x86)/gnu tools arm embedded/5.4 2016q2/bin/../lib/gcc/arm-none-eabi/5.4.1/../../../../arm-none-eabi/lib/armv7e-m\libg.a
LOAD c:/program files (x86)/gnu tools arm embedded/5.4 2016q2/bin/../lib/gcc/arm-none-eabi/5.4.1/../../../../arm-none-eabi/lib/armv7e-m\libc.a
END GROUP
OUTPUT(output.elf elf32-littlearm)

.debug_info     0x00000000    0x120af
 .debug_info    0x00000000      0x226 ..\obj\delay.o
 .debug_info    0x00000226      0x6bd ..\obj\os_time.o
 .debug_info    0x000008e3       0xb4 ..\obj\os_cpu_a.o
 .debug_info    0x00000997      0x7ed ..\obj\keys.o
 .debug_info    0x00001184      0x525 ..\obj\buzzer.o
 .debug_info    0x000016a9      0x5f2 ..\obj\os_cpu_c.o
 .debug_info    0x00001c9b      0xb2d ..\obj\stm32f4xx_usart.o
 .debug_info    0x000027c8      0xf8a ..\obj\os_flag.o
 .debug_info    0x00003752      0xe2b ..\obj\uart.o
 .debug_info    0x0000457d      0x1d8 ..\obj\startup_stm32f4xx.o
 .debug_info    0x00004755      0x494 ..\obj\taskcreate.o
 .debug_info    0x00004be9      0x886 ..\obj\main.o
 .debug_info    0x0000546f      0xd0d ..\obj\stm32f4xx_rcc.o
 .debug_info    0x0000617c      0x4df ..\obj\lorawrite_mailbox.o
 .debug_info    0x0000665b     0x15a8 ..\obj\os_core.o
 .debug_info    0x00007c03      0x763 ..\obj\leds.o
 .debug_info    0x00008366     0x1b08 ..\obj\lora.o
 .debug_info    0x00009e6e      0x566 ..\obj\os_mem.o
 .debug_info    0x0000a3d4      0x7db ..\obj\stm32f4xx_gpio.o
 .debug_info    0x0000abaf      0x5e6 ..\obj\system_stm32f4xx.o
 .debug_info    0x0000b195      0xd26 ..\obj\os_q.o
 .debug_info    0x0000bebb     0x11b6 ..\obj\os_task.o
 .debug_info    0x0000d071      0xa8e ..\obj\os_mutex.o
 .debug_info    0x0000daff     0x3035 ..\obj\lcd.o
 .debug_info    0x00010b34      0x762 ..\obj\ucos_ii.o
 .debug_info    0x00011296      0xa20 ..\obj\os_mbox.o
 .debug_info    0x00011cb6      0x3f9 ..\obj\lora_mailbox.o

.debug_abbrev   0x00000000     0x33b8
 .debug_abbrev  0x00000000      0x116 ..\obj\delay.o
 .debug_abbrev  0x00000116      0x1df ..\obj\os_time.o
 .debug_abbrev  0x000002f5       0x14 ..\obj\os_cpu_a.o
 .debug_abbrev  0x00000309      0x1c5 ..\obj\keys.o
 .debug_abbrev  0x000004ce      0x1e2 ..\obj\buzzer.o
 .debug_abbrev  0x000006b0      0x21d ..\obj\os_cpu_c.o
 .debug_abbrev  0x000008cd      0x1d7 ..\obj\stm32f4xx_usart.o
 .debug_abbrev  0x00000aa4      0x29a ..\obj\os_flag.o
 .debug_abbrev  0x00000d3e      0x338 ..\obj\uart.o
 .debug_abbrev  0x00001076      0x140 ..\obj\startup_stm32f4xx.o
 .debug_abbrev  0x000011b6      0x1df ..\obj\taskcreate.o
 .debug_abbrev  0x00001395      0x201 ..\obj\main.o
 .debug_abbrev  0x00001596      0x297 ..\obj\stm32f4xx_rcc.o
 .debug_abbrev  0x0000182d      0x14c ..\obj\lorawrite_mailbox.o
 .debug_abbrev  0x00001979      0x39b ..\obj\os_core.o
 .debug_abbrev  0x00001d14      0x1de ..\obj\leds.o
 .debug_abbrev  0x00001ef2      0x2ea ..\obj\lora.o
 .debug_abbrev  0x000021dc      0x1a8 ..\obj\os_mem.o
 .debug_abbrev  0x00002384      0x1f3 ..\obj\stm32f4xx_gpio.o
 .debug_abbrev  0x00002577      0x15f ..\obj\system_stm32f4xx.o
 .debug_abbrev  0x000026d6      0x1c4 ..\obj\os_q.o
 .debug_abbrev  0x0000289a      0x2a0 ..\obj\os_task.o
 .debug_abbrev  0x00002b3a      0x20b ..\obj\os_mutex.o
 .debug_abbrev  0x00002d45      0x2ff ..\obj\lcd.o
 .debug_abbrev  0x00003044       0xa9 ..\obj\ucos_ii.o
 .debug_abbrev  0x000030ed      0x18e ..\obj\os_mbox.o
 .debug_abbrev  0x0000327b      0x13d ..\obj\lora_mailbox.o

.debug_aranges  0x00000000      0xa30
 .debug_aranges
                0x00000000       0x38 ..\obj\delay.o
 .debug_aranges
                0x00000038       0x40 ..\obj\os_time.o
 .debug_aranges
                0x00000078       0x20 ..\obj\os_cpu_a.o
 .debug_aranges
                0x00000098       0x30 ..\obj\keys.o
 .debug_aranges
                0x000000c8       0x38 ..\obj\buzzer.o
 .debug_aranges
                0x00000100       0x50 ..\obj\os_cpu_c.o
 .debug_aranges
                0x00000150      0x100 ..\obj\stm32f4xx_usart.o
 .debug_aranges
                0x00000250       0x70 ..\obj\os_flag.o
 .debug_aranges
                0x000002c0       0x68 ..\obj\uart.o
 .debug_aranges
                0x00000328       0x28 ..\obj\startup_stm32f4xx.o
 .debug_aranges
                0x00000350       0x30 ..\obj\taskcreate.o
 .debug_aranges
                0x00000380       0x38 ..\obj\main.o
 .debug_aranges
                0x000003b8      0x178 ..\obj\stm32f4xx_rcc.o
 .debug_aranges
                0x00000530       0x28 ..\obj\lorawrite_mailbox.o
 .debug_aranges
                0x00000558       0xe0 ..\obj\os_core.o
 .debug_aranges
                0x00000638       0x30 ..\obj\leds.o
 .debug_aranges
                0x00000668       0x58 ..\obj\lora.o
 .debug_aranges
                0x000006c0       0x50 ..\obj\os_mem.o
 .debug_aranges
                0x00000710       0x88 ..\obj\stm32f4xx_gpio.o
 .debug_aranges
                0x00000798       0x28 ..\obj\system_stm32f4xx.o
 .debug_aranges
                0x000007c0       0x70 ..\obj\os_q.o
 .debug_aranges
                0x00000830       0xa0 ..\obj\os_task.o
 .debug_aranges
                0x000008d0       0x48 ..\obj\os_mutex.o
 .debug_aranges
                0x00000918       0x80 ..\obj\lcd.o
 .debug_aranges
                0x00000998       0x18 ..\obj\ucos_ii.o
 .debug_aranges
                0x000009b0       0x58 ..\obj\os_mbox.o
 .debug_aranges
                0x00000a08       0x28 ..\obj\lora_mailbox.o

.debug_ranges   0x00000000     0x1148
 .debug_ranges  0x00000000       0x28 ..\obj\delay.o
 .debug_ranges  0x00000028       0x48 ..\obj\os_time.o
 .debug_ranges  0x00000070       0xa0 ..\obj\keys.o
 .debug_ranges  0x00000110       0x40 ..\obj\buzzer.o
 .debug_ranges  0x00000150       0x40 ..\obj\os_cpu_c.o
 .debug_ranges  0x00000190       0xf0 ..\obj\stm32f4xx_usart.o
 .debug_ranges  0x00000280      0x110 ..\obj\os_flag.o
 .debug_ranges  0x00000390       0x90 ..\obj\uart.o
 .debug_ranges  0x00000420       0x18 ..\obj\startup_stm32f4xx.o
 .debug_ranges  0x00000438       0x20 ..\obj\taskcreate.o
 .debug_ranges  0x00000458       0x28 ..\obj\main.o
 .debug_ranges  0x00000480      0x188 ..\obj\stm32f4xx_rcc.o
 .debug_ranges  0x00000608       0x18 ..\obj\lorawrite_mailbox.o
 .debug_ranges  0x00000620      0x268 ..\obj\os_core.o
 .debug_ranges  0x00000888       0x20 ..\obj\leds.o
 .debug_ranges  0x000008a8      0x340 ..\obj\lora.o
 .debug_ranges  0x00000be8       0x40 ..\obj\os_mem.o
 .debug_ranges  0x00000c28       0x78 ..\obj\stm32f4xx_gpio.o
 .debug_ranges  0x00000ca0       0x30 ..\obj\system_stm32f4xx.o
 .debug_ranges  0x00000cd0       0x60 ..\obj\os_q.o
 .debug_ranges  0x00000d30       0xc0 ..\obj\os_task.o
 .debug_ranges  0x00000df0       0x68 ..\obj\os_mutex.o
 .debug_ranges  0x00000e58      0x290 ..\obj\lcd.o
 .debug_ranges  0x000010e8       0x48 ..\obj\os_mbox.o
 .debug_ranges  0x00001130       0x18 ..\obj\lora_mailbox.o

.debug_line     0x00000000     0x6419
 .debug_line    0x00000000      0x21a ..\obj\delay.o
 .debug_line    0x0000021a      0x28d ..\obj\os_time.o
 .debug_line    0x000004a7       0xa7 ..\obj\os_cpu_a.o
 .debug_line    0x0000054e      0x2b4 ..\obj\keys.o
 .debug_line    0x00000802      0x289 ..\obj\buzzer.o
 .debug_line    0x00000a8b      0x290 ..\obj\os_cpu_c.o
 .debug_line    0x00000d1b      0x532 ..\obj\stm32f4xx_usart.o
 .debug_line    0x0000124d      0x531 ..\obj\os_flag.o
 .debug_line    0x0000177e      0x4cd ..\obj\uart.o
 .debug_line    0x00001c4b      0x1ec ..\obj\startup_stm32f4xx.o
 .debug_line    0x00001e37      0x2be ..\obj\taskcreate.o
 .debug_line    0x000020f5      0x3b2 ..\obj\main.o
 .debug_line    0x000024a7      0x5ad ..\obj\stm32f4xx_rcc.o
 .debug_line    0x00002a54      0x2fb ..\obj\lorawrite_mailbox.o
 .debug_line    0x00002d4f      0x77f ..\obj\os_core.o
 .debug_line    0x000034ce      0x2aa ..\obj\leds.o
 .debug_line    0x00003778      0x6f6 ..\obj\lora.o
 .debug_line    0x00003e6e      0x2d5 ..\obj\os_mem.o
 .debug_line    0x00004143      0x3b1 ..\obj\stm32f4xx_gpio.o
 .debug_line    0x000044f4      0x1f2 ..\obj\system_stm32f4xx.o
 .debug_line    0x000046e6      0x43a ..\obj\os_q.o
 .debug_line    0x00004b20      0x52a ..\obj\os_task.o
 .debug_line    0x0000504a      0x45a ..\obj\os_mutex.o
 .debug_line    0x000054a4      0x7a6 ..\obj\lcd.o
 .debug_line    0x00005c4a      0x1c8 ..\obj\ucos_ii.o
 .debug_line    0x00005e12      0x375 ..\obj\os_mbox.o
 .debug_line    0x00006187      0x292 ..\obj\lora_mailbox.o

.debug_str      0x00000000     0x305a
 .debug_str     0x00000000      0x21a ..\obj\delay.o
                                0x272 (size before relaxing)
 .debug_str     0x0000021a      0x398 ..\obj\os_time.o
                                0x520 (size before relaxing)
 .debug_str     0x000005b2      0x267 ..\obj\keys.o
                                0x40f (size before relaxing)
 .debug_str     0x00000819       0x77 ..\obj\buzzer.o
                                0x412 (size before relaxing)
 .debug_str     0x00000890      0x137 ..\obj\os_cpu_c.o
                                0x56d (size before relaxing)
 .debug_str     0x000009c7      0x4d5 ..\obj\stm32f4xx_usart.o
                                0x6cf (size before relaxing)
 .debug_str     0x00000e9c      0x222 ..\obj\os_flag.o
                                0x685 (size before relaxing)
 .debug_str     0x000010be      0x6ec ..\obj\uart.o
                                0xbd1 (size before relaxing)
 .debug_str     0x000017aa       0xbc ..\obj\startup_stm32f4xx.o
                                0x253 (size before relaxing)
 .debug_str     0x00001866      0x1e7 ..\obj\taskcreate.o
                                0x3aa (size before relaxing)
 .debug_str     0x00001a4d      0x186 ..\obj\main.o
                                0x570 (size before relaxing)
 .debug_str     0x00001bd3      0x575 ..\obj\stm32f4xx_rcc.o
                                0x850 (size before relaxing)
 .debug_str     0x00002148       0xae ..\obj\lorawrite_mailbox.o
                                0x368 (size before relaxing)
 .debug_str     0x000021f6      0x3e0 ..\obj\os_core.o
                                0x963 (size before relaxing)
 .debug_str     0x000025d6       0x5f ..\obj\leds.o
                                0x3f2 (size before relaxing)
 .debug_str     0x00002635       0xde ..\obj\lora.o
                                0x621 (size before relaxing)
 .debug_str     0x00002713      0x16f ..\obj\os_mem.o
                                0x36f (size before relaxing)
 .debug_str     0x00002882      0x134 ..\obj\stm32f4xx_gpio.o
                                0x4ba (size before relaxing)
 .debug_str     0x000029b6      0x10d ..\obj\system_stm32f4xx.o
                                0x3aa (size before relaxing)
 .debug_str     0x00002ac3      0x102 ..\obj\os_q.o
                                0x647 (size before relaxing)
 .debug_str     0x00002bc5      0x169 ..\obj\os_task.o
                                0x760 (size before relaxing)
 .debug_str     0x00002d2e       0xf0 ..\obj\os_mutex.o
                                0x61c (size before relaxing)
 .debug_str     0x00002e1e       0xd8 ..\obj\lcd.o
                                0x4be (size before relaxing)
 .debug_str     0x00002ef6       0x51 ..\obj\ucos_ii.o
                                0x64f (size before relaxing)
 .debug_str     0x00002f47       0xb8 ..\obj\os_mbox.o
                                0x5d3 (size before relaxing)
 .debug_str     0x00002fff       0x5b ..\obj\lora_mailbox.o
                                0x32f (size before relaxing)

.comment        0x00000000       0x6e
 .comment       0x00000000       0x6e ..\obj\delay.o
                                 0x6f (size before relaxing)
 .comment       0x0000006e       0x6f ..\obj\os_time.o
 .comment       0x0000006e       0x6f ..\obj\keys.o
 .comment       0x0000006e       0x6f ..\obj\buzzer.o
 .comment       0x0000006e       0x6f ..\obj\os_cpu_c.o
 .comment       0x0000006e       0x6f ..\obj\stm32f4xx_usart.o
 .comment       0x0000006e       0x6f ..\obj\os_flag.o
 .comment       0x0000006e       0x6f ..\obj\uart.o
 .comment       0x0000006e       0x6f ..\obj\startup_stm32f4xx.o
 .comment       0x0000006e       0x6f ..\obj\taskcreate.o
 .comment       0x0000006e       0x6f ..\obj\main.o
 .comment       0x0000006e       0x6f ..\obj\stm32f4xx_rcc.o
 .comment       0x0000006e       0x6f ..\obj\lorawrite_mailbox.o
 .comment       0x0000006e       0x6f ..\obj\os_core.o
 .comment       0x0000006e       0x6f ..\obj\leds.o
 .comment       0x0000006e       0x6f ..\obj\lora.o
 .comment       0x0000006e       0x6f ..\obj\os_mem.o
 .comment       0x0000006e       0x6f ..\obj\stm32f4xx_gpio.o
 .comment       0x0000006e       0x6f ..\obj\system_stm32f4xx.o
 .comment       0x0000006e       0x6f ..\obj\os_q.o
 .comment       0x0000006e       0x6f ..\obj\os_task.o
 .comment       0x0000006e       0x6f ..\obj\os_mutex.o
 .comment       0x0000006e       0x6f ..\obj\lcd.o
 .comment       0x0000006e       0x6f ..\obj\ucos_ii.o
 .comment       0x0000006e       0x6f ..\obj\os_mbox.o
 .comment       0x0000006e       0x6f ..\obj\lora_mailbox.o

.ARM.attributes
                0x00000000       0x31
 .ARM.attributes
                0x00000000       0x33 ..\obj\delay.o
 .ARM.attributes
                0x00000033       0x33 ..\obj\os_time.o
 .ARM.attributes
                0x00000066       0x21 ..\obj\os_cpu_a.o
 .ARM.attributes
                0x00000087       0x33 ..\obj\keys.o
 .ARM.attributes
                0x000000ba       0x33 ..\obj\buzzer.o
 .ARM.attributes
                0x000000ed       0x33 ..\obj\os_cpu_c.o
 .ARM.attributes
                0x00000120       0x33 ..\obj\stm32f4xx_usart.o
 .ARM.attributes
                0x00000153       0x33 ..\obj\os_flag.o
 .ARM.attributes
                0x00000186       0x33 ..\obj\uart.o
 .ARM.attributes
                0x000001b9       0x33 ..\obj\startup_stm32f4xx.o
 .ARM.attributes
                0x000001ec       0x33 ..\obj\taskcreate.o
 .ARM.attributes
                0x0000021f       0x33 ..\obj\main.o
 .ARM.attributes
                0x00000252       0x33 ..\obj\stm32f4xx_rcc.o
 .ARM.attributes
                0x00000285       0x33 ..\obj\lorawrite_mailbox.o
 .ARM.attributes
                0x000002b8       0x33 ..\obj\os_core.o
 .ARM.attributes
                0x000002eb       0x33 ..\obj\leds.o
 .ARM.attributes
                0x0000031e       0x33 ..\obj\lora.o
 .ARM.attributes
                0x00000351       0x33 ..\obj\os_mem.o
 .ARM.attributes
                0x00000384       0x33 ..\obj\stm32f4xx_gpio.o
 .ARM.attributes
                0x000003b7       0x33 ..\obj\system_stm32f4xx.o
 .ARM.attributes
                0x000003ea       0x33 ..\obj\os_q.o
 .ARM.attributes
                0x0000041d       0x33 ..\obj\os_task.o
 .ARM.attributes
                0x00000450       0x33 ..\obj\os_mutex.o
 .ARM.attributes
                0x00000483       0x33 ..\obj\lcd.o
 .ARM.attributes
                0x000004b6       0x33 ..\obj\ucos_ii.o
 .ARM.attributes
                0x000004e9       0x33 ..\obj\os_mbox.o
 .ARM.attributes
                0x0000051c       0x33 ..\obj\lora_mailbox.o
 .ARM.attributes
                0x0000054f       0x1e c:/program files (x86)/gnu tools arm embedded/5.4 2016q2/bin/../lib/gcc/arm-none-eabi/5.4.1/armv7e-m\libgcc.a(_arm_addsubdf3.o)
 .ARM.attributes
                0x0000056d       0x1e c:/program files (x86)/gnu tools arm embedded/5.4 2016q2/bin/../lib/gcc/arm-none-eabi/5.4.1/armv7e-m\libgcc.a(_arm_muldivdf3.o)
 .ARM.attributes
                0x0000058b       0x1e c:/program files (x86)/gnu tools arm embedded/5.4 2016q2/bin/../lib/gcc/arm-none-eabi/5.4.1/armv7e-m\libgcc.a(_arm_fixunsdfsi.o)
 .ARM.attributes
                0x000005a9       0x2e c:/program files (x86)/gnu tools arm embedded/5.4 2016q2/bin/../lib/gcc/arm-none-eabi/5.4.1/../../../../arm-none-eabi/lib/armv7e-m\libg.a(lib_a-itoa.o)
 .ARM.attributes
                0x000005d7       0x1c c:/program files (x86)/gnu tools arm embedded/5.4 2016q2/bin/../lib/gcc/arm-none-eabi/5.4.1/../../../../arm-none-eabi/lib/armv7e-m\libg.a(lib_a-memcpy.o)
 .ARM.attributes
                0x000005f3       0x2e c:/program files (x86)/gnu tools arm embedded/5.4 2016q2/bin/../lib/gcc/arm-none-eabi/5.4.1/../../../../arm-none-eabi/lib/armv7e-m\libg.a(lib_a-memset.o)
 .ARM.attributes
                0x00000621       0x2e c:/program files (x86)/gnu tools arm embedded/5.4 2016q2/bin/../lib/gcc/arm-none-eabi/5.4.1/../../../../arm-none-eabi/lib/armv7e-m\libg.a(lib_a-stpcpy.o)
 .ARM.attributes
                0x0000064f       0x2e c:/program files (x86)/gnu tools arm embedded/5.4 2016q2/bin/../lib/gcc/arm-none-eabi/5.4.1/../../../../arm-none-eabi/lib/armv7e-m\libg.a(lib_a-strcpy.o)
 .ARM.attributes
                0x0000067d       0x1c c:/program files (x86)/gnu tools arm embedded/5.4 2016q2/bin/../lib/gcc/arm-none-eabi/5.4.1/../../../../arm-none-eabi/lib/armv7e-m\libg.a(lib_a-strlen.o)
 .ARM.attributes
                0x00000699       0x2e c:/program files (x86)/gnu tools arm embedded/5.4 2016q2/bin/../lib/gcc/arm-none-eabi/5.4.1/../../../../arm-none-eabi/lib/armv7e-m\libg.a(lib_a-strstr.o)
 .ARM.attributes
                0x000006c7       0x2e c:/program files (x86)/gnu tools arm embedded/5.4 2016q2/bin/../lib/gcc/arm-none-eabi/5.4.1/../../../../arm-none-eabi/lib/armv7e-m\libg.a(lib_a-utoa.o)
 .ARM.attributes
                0x000006f5       0x1c c:/program files (x86)/gnu tools arm embedded/5.4 2016q2/bin/../lib/gcc/arm-none-eabi/5.4.1/../../../../arm-none-eabi/lib/armv7e-m\libg.a(lib_a-memchr.o)
 .ARM.attributes
                0x00000711       0x2e c:/program files (x86)/gnu tools arm embedded/5.4 2016q2/bin/../lib/gcc/arm-none-eabi/5.4.1/../../../../arm-none-eabi/lib/armv7e-m\libg.a(lib_a-memcmp.o)
 .ARM.attributes
                0x0000073f       0x2e c:/program files (x86)/gnu tools arm embedded/5.4 2016q2/bin/../lib/gcc/arm-none-eabi/5.4.1/../../../../arm-none-eabi/lib/armv7e-m\libg.a(lib_a-strchr.o)

.debug_frame    0x00000000     0x1e98
 .debug_frame   0x00000000       0x7c ..\obj\delay.o
 .debug_frame   0x0000007c       0xa8 ..\obj\os_time.o
 .debug_frame   0x00000124       0x68 ..\obj\keys.o
 .debug_frame   0x0000018c       0x88 ..\obj\buzzer.o
 .debug_frame   0x00000214      0x110 ..\obj\os_cpu_c.o
 .debug_frame   0x00000324      0x264 ..\obj\stm32f4xx_usart.o
 .debug_frame   0x00000588      0x188 ..\obj\os_flag.o
 .debug_frame   0x00000710      0x170 ..\obj\uart.o
 .debug_frame   0x00000880       0x44 ..\obj\startup_stm32f4xx.o
 .debug_frame   0x000008c4       0x78 ..\obj\taskcreate.o
 .debug_frame   0x0000093c       0x84 ..\obj\main.o
 .debug_frame   0x000009c0      0x2f0 ..\obj\stm32f4xx_rcc.o
 .debug_frame   0x00000cb0       0x50 ..\obj\lorawrite_mailbox.o
 .debug_frame   0x00000d00      0x304 ..\obj\os_core.o
 .debug_frame   0x00001004       0x84 ..\obj\leds.o
 .debug_frame   0x00001088      0x128 ..\obj\lora.o
 .debug_frame   0x000011b0       0xec ..\obj\os_mem.o
 .debug_frame   0x0000129c      0x164 ..\obj\stm32f4xx_gpio.o
 .debug_frame   0x00001400       0x3c ..\obj\system_stm32f4xx.o
 .debug_frame   0x0000143c      0x178 ..\obj\os_q.o
 .debug_frame   0x000015b4      0x224 ..\obj\os_task.o
 .debug_frame   0x000017d8      0x11c ..\obj\os_mutex.o
 .debug_frame   0x000018f4      0x1d8 ..\obj\lcd.o
 .debug_frame   0x00001acc      0x118 ..\obj\os_mbox.o
 .debug_frame   0x00001be4       0x50 ..\obj\lora_mailbox.o
 .debug_frame   0x00001c34       0x3c c:/program files (x86)/gnu tools arm embedded/5.4 2016q2/bin/../lib/gcc/arm-none-eabi/5.4.1/../../../../arm-none-eabi/lib/armv7e-m\libg.a(lib_a-itoa.o)
 .debug_frame   0x00001c70       0x34 c:/program files (x86)/gnu tools arm embedded/5.4 2016q2/bin/../lib/gcc/arm-none-eabi/5.4.1/../../../../arm-none-eabi/lib/armv7e-m\libg.a(lib_a-memset.o)
 .debug_frame   0x00001ca4       0x2c c:/program files (x86)/gnu tools arm embedded/5.4 2016q2/bin/../lib/gcc/arm-none-eabi/5.4.1/../../../../arm-none-eabi/lib/armv7e-m\libg.a(lib_a-stpcpy.o)
 .debug_frame   0x00001cd0       0x20 c:/program files (x86)/gnu tools arm embedded/5.4 2016q2/bin/../lib/gcc/arm-none-eabi/5.4.1/../../../../arm-none-eabi/lib/armv7e-m\libg.a(lib_a-strcpy.o)
 .debug_frame   0x00001cf0       0xd8 c:/program files (x86)/gnu tools arm embedded/5.4 2016q2/bin/../lib/gcc/arm-none-eabi/5.4.1/../../../../arm-none-eabi/lib/armv7e-m\libg.a(lib_a-strstr.o)
 .debug_frame   0x00001dc8       0x4c c:/program files (x86)/gnu tools arm embedded/5.4 2016q2/bin/../lib/gcc/arm-none-eabi/5.4.1/../../../../arm-none-eabi/lib/armv7e-m\libg.a(lib_a-utoa.o)
 .debug_frame   0x00001e14       0x38 c:/program files (x86)/gnu tools arm embedded/5.4 2016q2/bin/../lib/gcc/arm-none-eabi/5.4.1/../../../../arm-none-eabi/lib/armv7e-m\libg.a(lib_a-memcmp.o)
 .debug_frame   0x00001e4c       0x4c c:/program files (x86)/gnu tools arm embedded/5.4 2016q2/bin/../lib/gcc/arm-none-eabi/5.4.1/../../../../arm-none-eabi/lib/armv7e-m\libg.a(lib_a-strchr.o)

.debug_loc      0x00000000     0xaa7f
 .debug_loc     0x00000000      0x31a ..\obj\os_time.o
 .debug_loc     0x0000031a      0x208 ..\obj\keys.o
 .debug_loc     0x00000522       0xf6 ..\obj\buzzer.o
 .debug_loc     0x00000618      0x15a ..\obj\os_cpu_c.o
 .debug_loc     0x00000772      0x8e7 ..\obj\stm32f4xx_usart.o
 .debug_loc     0x00001059     0x132a ..\obj\os_flag.o
 .debug_loc     0x00002383     0x1284 ..\obj\uart.o
 .debug_loc     0x00003607       0xed ..\obj\taskcreate.o
 .debug_loc     0x000036f4       0x21 ..\obj\main.o
 .debug_loc     0x00003715      0xb54 ..\obj\stm32f4xx_rcc.o
 .debug_loc     0x00004269       0x60 ..\obj\lorawrite_mailbox.o
 .debug_loc     0x000042c9     0x138d ..\obj\os_core.o
 .debug_loc     0x00005656      0x11e ..\obj\leds.o
 .debug_loc     0x00005774      0x709 ..\obj\lora.o
 .debug_loc     0x00005e7d      0x48d ..\obj\os_mem.o
 .debug_loc     0x0000630a      0x3a0 ..\obj\stm32f4xx_gpio.o
 .debug_loc     0x000066aa      0x13b ..\obj\system_stm32f4xx.o
 .debug_loc     0x000067e5      0xda7 ..\obj\os_q.o
 .debug_loc     0x0000758c     0x10a4 ..\obj\os_task.o
 .debug_loc     0x00008630      0xb58 ..\obj\os_mutex.o
 .debug_loc     0x00009188      0xea7 ..\obj\lcd.o
 .debug_loc     0x0000a02f      0x9f0 ..\obj\os_mbox.o
 .debug_loc     0x0000aa1f       0x60 ..\obj\lora_mailbox.o
